Godot Engine v4.7.1.stable.official.a13da4feb - https://godotengine.org

Loading scene JSON from: C:/Users/thewi/OneDrive/Desktop/fung.us/fungaiV2_extracted/godot_scene.json
Tile count: 2500
Built visuals: 2500 tiles, player_spawn={ "x": 912.0, "y": 816.0 }, enemy_spawns=5
ERROR: Parameter "t" is null.
   at: texture_2d_get (./servers/rendering/dummy/storage/texture_storage.h:110)
   GDScript backtrace (most recent call first):
       [0] _ready (res://CaveRenderer.gd:36)
SCRIPT ERROR: Cannot call method 'save_png' on a null value.
   at: _ready (res://CaveRenderer.gd:37)
   GDScript backtrace (most recent call first):
       [0] _ready (res://CaveRenderer.gd:37)
ERROR: BUG: Unreferenced static string to 0: servers
   at: unref (core/string/string_name.cpp:117)
ERROR: BUG: Unreferenced static string to 0: Variant
   at: unref (core/string/string_name.cpp:117)
WARNING: A Thread object is being destroyed without its completion having been realized.
Please call wait_to_finish() on it to ensure correct cleanup.
   at: ~Thread (core/os/thread.cpp:102)
ERROR: 7 RID allocations of type '23NavMeshGeometryParser2D' were leaked at exit.
ERROR: 6 RID allocations of type '23NavMeshGeometryParser3D' were leaked at exit.
ERROR: Pages in use exist at exit in PagedAllocator: N12VariantPools11BucketLargeE
   at: ~PagedAllocator (./core/templates/paged_allocator.h:170)
