Godot Engine v4.7.1.stable.official.a13da4feb - https://godotengine.org
OpenGL API 3.3.0 Core Profile Context 26.7.1.260713 - Compatibility - Using Device: ATI Technologies Inc. - AMD Radeon(TM) 660M

SCRIPT ERROR: Parse Error: Cannot infer the type of "loaded" variable because the value doesn't have a set type.
   at: GDScript::reload (res://CaveRenderer.gd:22)
SCRIPT ERROR: Parse Error: Function "ColorRect()" not found in base self.
   at: GDScript::reload (res://CaveRenderer.gd:69)
SCRIPT ERROR: Parse Error: Cannot infer the type of "rect" variable because the value doesn't have a set type.
   at: GDScript::reload (res://CaveRenderer.gd:69)
SCRIPT ERROR: Parse Error: Function "ColorRect()" not found in base self.
   at: GDScript::reload (res://CaveRenderer.gd:80)
SCRIPT ERROR: Parse Error: Cannot infer the type of "marker" variable because the value doesn't have a set type.
   at: GDScript::reload (res://CaveRenderer.gd:80)
SCRIPT ERROR: Parse Error: Function "ColorRect()" not found in base self.
   at: GDScript::reload (res://CaveRenderer.gd:88)
SCRIPT ERROR: Parse Error: Cannot infer the type of "marker" variable because the value doesn't have a set type.
   at: GDScript::reload (res://CaveRenderer.gd:88)
ERROR: Failed to load script "res://CaveRenderer.gd" with error "Parse error".
   at: load (modules/gdscript/gdscript_resource_format.cpp:46)
ERROR: BUG: Unreferenced static string to 0: servers
   at: unref (core/string/string_name.cpp:117)
ERROR: BUG: Unreferenced static string to 0: Variant
   at: unref (core/string/string_name.cpp:117)
ERROR: 7 RID allocations of type '23NavMeshGeometryParser2D' were leaked at exit.
ERROR: 6 RID allocations of type '23NavMeshGeometryParser3D' were leaked at exit.
ERROR: Pages in use exist at exit in PagedAllocator: N12VariantPools11BucketLargeE
   at: ~PagedAllocator (./core/templates/paged_allocator.h:170)
